// Jest Snapshot v1, https://goo.gl/fbAQLP

exports[`Gilded Rose Refactoring ################################################### We consider that the behavior of the initial code is the truth 1`] = `
Array [
  Array [
    Object {
      "name": "+5 Dexterity Vest",
      "quality": 20,
      "sellIn": 10,
    },
    Object {
      "name": "Aged Brie",
      "quality": 0,
      "sellIn": 2,
    },
    Object {
      "name": "Aged Brie",
      "quality": 49,
      "sellIn": 2,
    },
    Object {
      "name": "Elixir of the Mongoose",
      "quality": 7,
      "sellIn": 5,
    },
    Object {
      "name": "Sulfuras, Hand of Ragnaros",
      "quality": 80,
      "sellIn": 999999,
    },
    Object {
      "name": "Sulfuras, Hand of Ragnaros",
      "quality": 80,
      "sellIn": 999999,
    },
    Object {
      "name": "Backstage passes to a TAFKAL80ETC concert",
      "quality": 20,
      "sellIn": 15,
    },
    Object {
      "name": "Backstage passes to a TAFKAL80ETC concert",
      "quality": 49,
      "sellIn": 10,
    },
    Object {
      "name": "Backstage passes to a TAFKAL80ETC concert",
      "quality": 49,
      "sellIn": 5,
    },
    Object {
      "name": "Conjured Mana Cake",
      "quality": 6,
      "sellIn": 3,
    },
  ],
  Array [
    Object {
      "name": "+5 Dexterity Vest",
      "quality": 20,
      "sellIn": 10,
    },
    Object {
      "name": "Aged Brie",
      "quality": 0,
      "sellIn": 2,
    },
    Object {
      "name": "Aged Brie",
      "quality": 49,
      "sellIn": 2,
    },
    Object {
      "name": "Elixir of the Mongoose",
      "quality": 7,
      "sellIn": 5,
    },
    Object {
      "name": "Sulfuras, Hand of Ragnaros",
      "quality": 80,
      "sellIn": 999999,
    },
    Object {
      "name": "Sulfuras, Hand of Ragnaros",
      "quality": 80,
      "sellIn": 999999,
    },
    Object {
      "name": "Backstage passes to a TAFKAL80ETC concert",
      "quality": 20,
      "sellIn": 15,
    },
    Object {
      "name": "Backstage passes to a TAFKAL80ETC concert",
      "quality": 49,
      "sellIn": 10,
    },
    Object {
      "name": "Backstage passes to a TAFKAL80ETC concert",
      "quality": 49,
      "sellIn": 5,
    },
    Object {
      "name": "Conjured Mana Cake",
      "quality": 6,
      "sellIn": 3,
    },
  ],
  Array [
    Object {
      "name": "+5 Dexterity Vest",
      "quality": 20,
      "sellIn": 10,
    },
    Object {
      "name": "Aged Brie",
      "quality": 0,
      "sellIn": 2,
    },
    Object {
      "name": "Aged Brie",
      "quality": 49,
      "sellIn": 2,
    },
    Object {
      "name": "Elixir of the Mongoose",
      "quality": 7,
      "sellIn": 5,
    },
    Object {
      "name": "Sulfuras, Hand of Ragnaros",
      "quality": 80,
      "sellIn": 999999,
    },
    Object {
      "name": "Sulfuras, Hand of Ragnaros",
      "quality": 80,
      "sellIn": 999999,
    },
    Object {
      "name": "Backstage passes to a TAFKAL80ETC concert",
      "quality": 20,
      "sellIn": 15,
    },
    Object {
      "name": "Backstage passes to a TAFKAL80ETC concert",
      "quality": 49,
      "sellIn": 10,
    },
    Object {
      "name": "Backstage passes to a TAFKAL80ETC concert",
      "quality": 49,
      "sellIn": 5,
    },
    Object {
      "name": "Conjured Mana Cake",
      "quality": 6,
      "sellIn": 3,
    },
  ],
  Array [
    Object {
      "name": "+5 Dexterity Vest",
      "quality": 20,
      "sellIn": 10,
    },
    Object {
      "name": "Aged Brie",
      "quality": 0,
      "sellIn": 2,
    },
    Object {
      "name": "Aged Brie",
      "quality": 49,
      "sellIn": 2,
    },
    Object {
      "name": "Elixir of the Mongoose",
      "quality": 7,
      "sellIn": 5,
    },
    Object {
      "name": "Sulfuras, Hand of Ragnaros",
      "quality": 80,
      "sellIn": 999999,
    },
    Object {
      "name": "Sulfuras, Hand of Ragnaros",
      "quality": 80,
      "sellIn": 999999,
    },
    Object {
      "name": "Backstage passes to a TAFKAL80ETC concert",
      "quality": 20,
      "sellIn": 15,
    },
    Object {
      "name": "Backstage passes to a TAFKAL80ETC concert",
      "quality": 49,
      "sellIn": 10,
    },
    Object {
      "name": "Backstage passes to a TAFKAL80ETC concert",
      "quality": 49,
      "sellIn": 5,
    },
    Object {
      "name": "Conjured Mana Cake",
      "quality": 6,
      "sellIn": 3,
    },
  ],
  Array [
    Object {
      "name": "+5 Dexterity Vest",
      "quality": 20,
      "sellIn": 10,
    },
    Object {
      "name": "Aged Brie",
      "quality": 0,
      "sellIn": 2,
    },
    Object {
      "name": "Aged Brie",
      "quality": 49,
      "sellIn": 2,
    },
    Object {
      "name": "Elixir of the Mongoose",
      "quality": 7,
      "sellIn": 5,
    },
    Object {
      "name": "Sulfuras, Hand of Ragnaros",
      "quality": 80,
      "sellIn": 999999,
    },
    Object {
      "name": "Sulfuras, Hand of Ragnaros",
      "quality": 80,
      "sellIn": 999999,
    },
    Object {
      "name": "Backstage passes to a TAFKAL80ETC concert",
      "quality": 20,
      "sellIn": 15,
    },
    Object {
      "name": "Backstage passes to a TAFKAL80ETC concert",
      "quality": 49,
      "sellIn": 10,
    },
    Object {
      "name": "Backstage passes to a TAFKAL80ETC concert",
      "quality": 49,
      "sellIn": 5,
    },
    Object {
      "name": "Conjured Mana Cake",
      "quality": 6,
      "sellIn": 3,
    },
  ],
  Array [
    Object {
      "name": "+5 Dexterity Vest",
      "quality": 20,
      "sellIn": 10,
    },
    Object {
      "name": "Aged Brie",
      "quality": 0,
      "sellIn": 2,
    },
    Object {
      "name": "Aged Brie",
      "quality": 49,
      "sellIn": 2,
    },
    Object {
      "name": "Elixir of the Mongoose",
      "quality": 7,
      "sellIn": 5,
    },
    Object {
      "name": "Sulfuras, Hand of Ragnaros",
      "quality": 80,
      "sellIn": 999999,
    },
    Object {
      "name": "Sulfuras, Hand of Ragnaros",
      "quality": 80,
      "sellIn": 999999,
    },
    Object {
      "name": "Backstage passes to a TAFKAL80ETC concert",
      "quality": 20,
      "sellIn": 15,
    },
    Object {
      "name": "Backstage passes to a TAFKAL80ETC concert",
      "quality": 49,
      "sellIn": 10,
    },
    Object {
      "name": "Backstage passes to a TAFKAL80ETC concert",
      "quality": 49,
      "sellIn": 5,
    },
    Object {
      "name": "Conjured Mana Cake",
      "quality": 6,
      "sellIn": 3,
    },
  ],
  Array [
    Object {
      "name": "+5 Dexterity Vest",
      "quality": 20,
      "sellIn": 10,
    },
    Object {
      "name": "Aged Brie",
      "quality": 0,
      "sellIn": 2,
    },
    Object {
      "name": "Aged Brie",
      "quality": 49,
      "sellIn": 2,
    },
    Object {
      "name": "Elixir of the Mongoose",
      "quality": 7,
      "sellIn": 5,
    },
    Object {
      "name": "Sulfuras, Hand of Ragnaros",
      "quality": 80,
      "sellIn": 999999,
    },
    Object {
      "name": "Sulfuras, Hand of Ragnaros",
      "quality": 80,
      "sellIn": 999999,
    },
    Object {
      "name": "Backstage passes to a TAFKAL80ETC concert",
      "quality": 20,
      "sellIn": 15,
    },
    Object {
      "name": "Backstage passes to a TAFKAL80ETC concert",
      "quality": 49,
      "sellIn": 10,
    },
    Object {
      "name": "Backstage passes to a TAFKAL80ETC concert",
      "quality": 49,
      "sellIn": 5,
    },
    Object {
      "name": "Conjured Mana Cake",
      "quality": 6,
      "sellIn": 3,
    },
  ],
]
`;
